<?xml version="1.0" encoding="UTF-8"?>
<testsuites name="jest tests" tests="10" failures="0" errors="0" time="1.246">
  <testsuite name="Recipe book" errors="0" failures="0" skipped="0" timestamp="2025-04-07T21:43:51" time="0.811" tests="10">
    <testcase classname="Recipe book should display all the recipes with / route initially" name="Recipe book should display all the recipes with / route initially" time="0.081">
    </testcase>
    <testcase classname="Recipe book should initially display an empty favorites page" name="Recipe book should initially display an empty favorites page" time="0.024">
    </testcase>
    <testcase classname="Recipe book should navigate between nav items correctly" name="Recipe book should navigate between nav items correctly" time="0.014">
    </testcase>
    <testcase classname="Recipe book should update the recipe list based on search input" name="Recipe book should update the recipe list based on search input" time="0.015">
    </testcase>
    <testcase classname="Recipe book should display &apos;No recipes match your search.&apos; when no recipes match the search query" name="Recipe book should display &apos;No recipes match your search.&apos; when no recipes match the search query" time="0.014">
    </testcase>
    <testcase classname="Recipe book should add a recipe to favorites and display it on the favorites page" name="Recipe book should add a recipe to favorites and display it on the favorites page" time="0.016">
    </testcase>
    <testcase classname="Recipe book should remove the favorite recipe from the favorites page on clicking the button" name="Recipe book should remove the favorite recipe from the favorites page on clicking the button" time="0.017">
    </testcase>
    <testcase classname="Recipe book should change button text to &apos;Remove from Favorites&apos; when clicked" name="Recipe book should change button text to &apos;Remove from Favorites&apos; when clicked" time="0.015">
    </testcase>
    <testcase classname="Recipe book should navigate to recipe details when &apos;View Details&apos; is clicked" name="Recipe book should navigate to recipe details when &apos;View Details&apos; is clicked" time="0.012">
    </testcase>
    <testcase classname="Recipe book should navigate back to the recipes list from the details page" name="Recipe book should navigate back to the recipes list from the details page" time="0.018">
    </testcase>
  </testsuite>
</testsuites>